[www.whatsapp.com/index.html]
[backblue.gif]
[fade.gif]
[index.html]
[www.whatsapp.com/privacy.html]
[www.whatsapp.com/index4964.html]
[www.whatsapp.com/index68a3.html]
[www.whatsapp.com/index6155.html]
[www.whatsapp.com/stayconnected.html]
[www.whatsapp.com/index59bf.html]
[www.whatsapp.com/index99fb.html]
[www.whatsapp.com/indexdcd8.html]
[www.whatsapp.com/community.html]
[www.whatsapp.com/index80c2.html]
[www.whatsapp.com/indexdad8.html]
[www.whatsapp.com/indexce78.html]
[www.whatsapp.com/expressyourself.html]
[www.whatsapp.com/indexc395.html]
[www.whatsapp.com/index0d12.html]
[www.whatsapp.com/indexdf70.html]
[www.whatsapp.com/download.html]
[www.whatsapp.com/index2ddb.html]
[www.whatsapp.com/index1b07.html]
[www.whatsapp.com/indexb260.html]
[www.whatsapp.com/security.html]
[www.whatsapp.com/index28e9.html]
[www.whatsapp.com/index7168.html]
[www.whatsapp.com/indexe23a.html]
[www.whatsapp.com/about.html]
[www.whatsapp.com/indexd451.html]
[www.whatsapp.com/index09f9.html]
[www.whatsapp.com/index35f4.html]
[www.whatsapp.com/join.html]
[www.whatsapp.com/index5482.html]
[www.whatsapp.com/index0fa0.html]
[www.whatsapp.com/indexccd1.html]
[www.whatsapp.com/android.html]
[www.whatsapp.com/indexd048.html]
[www.whatsapp.com/index8cc8.html]
[www.whatsapp.com/index846f.html]
[www.whatsapp.com/contact.html]
[www.whatsapp.com/index37ed.html]
[www.whatsapp.com/index48fb.html]
[www.whatsapp.com/index9e43.html]
[www.whatsapp.com/security/advisories.html]
[www.whatsapp.com/indexda8b.html]
[www.whatsapp.com/index08ce.html]
[www.whatsapp.com/indexf499.html]
[www.whatsapp.com/sitemap.html]
[www.whatsapp.com/index4b4f.html]
[www.whatsapp.com/index13e4.html]
[www.whatsapp.com/indexe966.html]
[www.whatsapp.com/sIXck9]
[www.whatsapp.com/index9fc0.html]
[www.whatsapp.com/indexff9d.html]
[www.whatsapp.com/index9f83.html]
[www.whatsapp.com/indexcc92.html]
[www.whatsapp.com/LYq]
[www.whatsapp.com/index.html]
[www.whatsapp.com/index6844.html]
[www.whatsapp.com/index95fc.html]
[www.whatsapp.com/index69b2.html]
[www.whatsapp.com/index1379.html]
[www.whatsapp.com/index4ff3.html]
[www.whatsapp.com/u_0_12_J]
[www.whatsapp.com/index4964.html]
[www.whatsapp.com/index610e.html]
[www.whatsapp.com/index1d0c.html]
[www.whatsapp.com/index7b44.html]
[www.whatsapp.com/index6901.html]
[www.whatsapp.com/index3041.html]
[www.whatsapp.com/u_0_e_V]
[www.whatsapp.com/index68a3.html]
[www.whatsapp.com/index7a87.html]
[www.whatsapp.com/index1d2d.html]
[www.whatsapp.com/index6155.html]
[www.whatsapp.com/indexfd7c.html]
[www.whatsapp.com/indexdf87.html]
[www.whatsapp.com/index5e9d.html]
[www.whatsapp.com/index35ae.html]
[www.whatsapp.com/u_0_r_e]
[www.whatsapp.com/index59bf.html]
[www.whatsapp.com/index17d5.html]
[www.whatsapp.com/indexb540.html]
[www.whatsapp.com/index8876.html]
[www.whatsapp.com/index4481.html]
[www.whatsapp.com/legal/index.html]
[www.whatsapp.com/u_0_1h_N]
[www.whatsapp.com/index99fb.html]
[www.whatsapp.com/index9bb4.html]
[www.whatsapp.com/index99dc.html]
[www.whatsapp.com/index8526.html]
[www.whatsapp.com/indexfb3d.html]
[www.whatsapp.com/indexa35d.html]
[www.whatsapp.com/u_0_16_U]
[www.whatsapp.com/indexdcd8.html]
[www.whatsapp.com/index91b9.html]
[www.whatsapp.com/index7b3f.html]
[www.whatsapp.com/indexce78.html]
[www.whatsapp.com/indexc423.html]
[www.whatsapp.com/index3322.html]
[www.whatsapp.com/indexc69a.html]
[www.whatsapp.com/indexe68f.html]
[www.whatsapp.com/u_0_f_n]
[www.whatsapp.com/index80c2.html]
[www.whatsapp.com/index5242.html]
[www.whatsapp.com/indexc249.html]
[www.whatsapp.com/index1ebe.html]
[www.whatsapp.com/indexcf53.html]
[www.whatsapp.com/index1ff0.html]
[www.whatsapp.com/u_0_5_V]
[www.whatsapp.com/indexdad8.html]
[www.whatsapp.com/indexa30c.html]
[www.whatsapp.com/indexbd5a.html]
[www.whatsapp.com/indexc395.html]
[www.whatsapp.com/indexcdb1.html]
[www.whatsapp.com/index2bc7.html]
[www.whatsapp.com/index1268.html]
[www.whatsapp.com/index9ff7.html]
[www.whatsapp.com/u_0_h_E]
[www.whatsapp.com/index23f1.html]
[www.whatsapp.com/index0b5e.html]
[www.whatsapp.com/index6bf8.html]
[www.whatsapp.com/index085d.html]
[www.whatsapp.com/u_0_1e_7]
[www.whatsapp.com/index0d12.html]
[www.whatsapp.com/index5720.html]
[www.whatsapp.com/index08c7.html]
[www.whatsapp.com/index69cd.html]
[www.whatsapp.com/index7c4b.html]
[www.whatsapp.com/index9e93.html]
[www.whatsapp.com/u_0_1j_G]
[www.whatsapp.com/indexdf70.html]
[www.whatsapp.com/index4bed.html]
[www.whatsapp.com/indexe034.html]
[www.whatsapp.com/index1f03.html]
[www.whatsapp.com/index2296.html]
[www.whatsapp.com/indexa908.html]
[www.whatsapp.com/indexf59f.html]
[www.whatsapp.com/u_0_18_t]
[www.whatsapp.com/indexb260.html]
[www.whatsapp.com/index9277.html]
[www.whatsapp.com/index64f4.html]
[www.whatsapp.com/index2139.html]
[www.whatsapp.com/index6e27.html]
[www.whatsapp.com/indexd6cc.html]
[www.whatsapp.com/u_0_p_q]
[www.whatsapp.com/index1b07.html]
[www.whatsapp.com/indexe6ac.html]
[www.whatsapp.com/indexadd9.html]
[www.whatsapp.com/indexbbc9.html]
[www.whatsapp.com/indexef8e.html]
[www.whatsapp.com/index7d5b.html]
[www.whatsapp.com/u_0_j_A]
[www.whatsapp.com/index2ddb.html]
[www.whatsapp.com/index880d.html]
[www.whatsapp.com/indexf87d.html]
[www.whatsapp.com/indexc203.html]
[www.whatsapp.com/index21c9.html]
[www.whatsapp.com/u_0_z_Z]
[www.whatsapp.com/index7168.html]
[www.whatsapp.com/indexbc36.html]
[www.whatsapp.com/index2b51.html]
[www.whatsapp.com/indexcc5a.html]
[www.whatsapp.com/index21ad.html]
[www.whatsapp.com/index9d3f.html]
[www.whatsapp.com/u_0_8_K]
[www.whatsapp.com/index179a.html]
[www.whatsapp.com/index7542.html]
[www.whatsapp.com/indexdd1b.html]
[www.whatsapp.com/indexc9e6.html]
[www.whatsapp.com/u_0_p_k]
[www.whatsapp.com/index28e9.html]
[www.whatsapp.com/index9ed2.html]
[www.whatsapp.com/index771f.html]
[www.whatsapp.com/indexd2ed.html]
[www.whatsapp.com/index9cbf.html]
[www.whatsapp.com/index9d7d.html]
[www.whatsapp.com/index13fe.html]
[www.whatsapp.com/index6f22.html]
[www.whatsapp.com/u_0_c_z]
[www.whatsapp.com/index0389.html]
[www.whatsapp.com/indexb4ba.html]
[www.whatsapp.com/indexdd30.html]
[www.whatsapp.com/indexc3a9.html]
[www.whatsapp.com/u_0_10_t]
[www.whatsapp.com/indexe23a.html]
[www.whatsapp.com/index4fcd.html]
[www.whatsapp.com/indexc12a.html]
[www.whatsapp.com/index7aef.html]
[www.whatsapp.com/indexf3df.html]
[www.whatsapp.com/u_0_14_s]
[www.whatsapp.com/indexd451.html]
[www.whatsapp.com/index35f4.html]
[www.whatsapp.com/index1e10.html]
[www.whatsapp.com/index09f9.html]
[www.whatsapp.com/indexc21a.html]
[www.whatsapp.com/indexc992.html]
[www.whatsapp.com/indexccd1.html]
[www.whatsapp.com/index066b.html]
[www.whatsapp.com/indexbff2.html]
[www.whatsapp.com/u_0_l_h]
[www.whatsapp.com/index0fa0.html]
[www.whatsapp.com/indexf26e.html]
[www.whatsapp.com/u_0_a_c]
[www.whatsapp.com/index7cc5.html]
[www.whatsapp.com/u_0_11_3]
[www.whatsapp.com/index5482.html]
[www.whatsapp.com/index8cc8.html]
[www.whatsapp.com/index846f.html]
[www.whatsapp.com/index4a8f.html]
[www.whatsapp.com/u_0_b_w]
[www.whatsapp.com/indexd048.html]
[www.whatsapp.com/indexd9bf.html]
[www.whatsapp.com/u_0_q_D]
[www.whatsapp.com/index299f.html]
[www.whatsapp.com/indexab69.html]
[www.whatsapp.com/index3351.html]
[www.whatsapp.com/u_0_10_D]
[www.whatsapp.com/u_0_1r_h]
[www.whatsapp.com/index37ed.html]
[www.whatsapp.com/u_0_w_n]
[www.whatsapp.com/u_0_1f_+]
[www.whatsapp.com/index9e43.html]
[www.whatsapp.com/index48fb.html]
[www.whatsapp.com/indexd946.html]
[www.whatsapp.com/indexb70e.html]
[www.whatsapp.com/u_0_1p_Z]
[www.whatsapp.com/indexda8b.html]
[www.whatsapp.com/indexa3c1.html]
[www.whatsapp.com/indexf6a2.html]
[www.whatsapp.com/u_0_7_Q]
[www.whatsapp.com/u_0_15_h]
[www.whatsapp.com/index08ce.html]
[www.whatsapp.com/u_0_8_k]
[www.whatsapp.com/index23a2.html]
[www.whatsapp.com/u_0_x_2]
[www.whatsapp.com/u_0_12_Z]
[www.whatsapp.com/indexf499.html]
[www.whatsapp.com/indexe966.html]
[www.whatsapp.com/u_0_n_i]
[www.whatsapp.com/indexc0c8.html]
[www.whatsapp.com/u_0_s_D]
[www.whatsapp.com/index4b4f.html]
[www.whatsapp.com/indexe846.html]
[www.whatsapp.com/u_0_c_O]
[www.whatsapp.com/u_0_1m_D]
[www.whatsapp.com/index13e4.html]
[www.whatsapp.com/index0cbc.html]
[www.whatsapp.com/u_0_1p_F]
[www.whatsapp.com/index9fc0.html]
[www.whatsapp.com/u_0_1n_W]
[www.whatsapp.com/index9f83.html]
[www.whatsapp.com/indexff9d.html]
[www.whatsapp.com/index56fd.html]
[www.whatsapp.com/indexa5d6.html]
[www.whatsapp.com/indexacf2.html]
[www.whatsapp.com/index7ce8.html]
[www.whatsapp.com/u_0_e_J.36.delayed]
[www.whatsapp.com/u_0_s_r]
[www.whatsapp.com/indexcc92.html]
[www.whatsapp.com/u_0_1g_y]
[www.whatsapp.com/index6844.html]
[www.whatsapp.com/index69b2.html]
[www.whatsapp.com/u_0_1e_z]
[www.whatsapp.com/index1379.html]
[www.whatsapp.com/index1858.html]
[www.whatsapp.com/index2906.html]
[www.whatsapp.com/u_0_m_u]
[www.whatsapp.com/index95fc.html]
[www.whatsapp.com/indexeca5.html]
[www.whatsapp.com/index8ba5.html]
[www.whatsapp.com/u_0_c_j]
[www.whatsapp.com/indexb3ac.html]
[www.whatsapp.com/u_0_1h_p]
[www.whatsapp.com/index4ff3.html]
[www.whatsapp.com/index7b44.html]
[www.whatsapp.com/indexa609.html]
[www.whatsapp.com/u_0_1g_U]
[www.whatsapp.com/u_0_1m_q]
[www.whatsapp.com/index1d0c.html]
[www.whatsapp.com/indexf051.html]
[www.whatsapp.com/__elem_bb0debb2_0_1_w]
[www.whatsapp.com/index610e.html]
[www.whatsapp.com/u_0_1s_l]
[www.whatsapp.com/index6901.html]
[www.whatsapp.com/index0a3f.html]
[www.whatsapp.com/u_0_1r_A]
[www.whatsapp.com/index3041.html]
[www.whatsapp.com/indexdf87.html]
[www.whatsapp.com/index492e.html]
[www.whatsapp.com/u_0_1k_u]
[www.whatsapp.com/index7a87.html]
[www.whatsapp.com/index2391.html]
[www.whatsapp.com/index1d39.html]
[www.whatsapp.com/u_0_r_i]
[www.whatsapp.com/index1f64.html]
[www.whatsapp.com/__elem_bb0debb2_0_1_z]
[www.whatsapp.com/index1d2d.html]
[www.whatsapp.com/indexfd7c.html]
[www.whatsapp.com/index5e9d.html]
[www.whatsapp.com/index35ae.html]
[www.whatsapp.com/index1fcf.html]
[www.whatsapp.com/indexb540.html]
[www.whatsapp.com/index824a.html]
[www.whatsapp.com/indexb03e.html]
[www.whatsapp.com/index0a80.html]
[www.whatsapp.com/index6303.html]
[www.whatsapp.com/u_0_f_H]
[www.whatsapp.com/index17d5.html]
[www.whatsapp.com/index8876.html]
[www.whatsapp.com/indexc8d5.html]
[www.whatsapp.com/index2e96.html]
[www.whatsapp.com/index60a8.html]
[www.whatsapp.com/u_0_s_U]
[www.whatsapp.com/u_0_11_g]
[www.whatsapp.com/u_0_16_e]
[www.whatsapp.com/index4481.html]
[www.whatsapp.com/privacy4964.html]
[www.whatsapp.com/privacy68a3.html]
[www.whatsapp.com/privacy6155.html]
[www.whatsapp.com/privacy59bf.html]
[www.whatsapp.com/privacy99fb.html]
[www.whatsapp.com/privacydcd8.html]
[www.whatsapp.com/privacyce78.html]
[www.whatsapp.com/privacy80c2.html]
[www.whatsapp.com/privacydad8.html]
[www.whatsapp.com/privacyc395.html]
[www.whatsapp.com/privacy0d12.html]
[www.whatsapp.com/privacydf70.html]
[www.whatsapp.com/privacyb260.html]
[www.whatsapp.com/privacy1b07.html]
[www.whatsapp.com/privacy2ddb.html]
[www.whatsapp.com/privacy7168.html]
[www.whatsapp.com/privacy28e9.html]
[www.whatsapp.com/privacye23a.html]
[www.whatsapp.com/privacyd451.html]
[www.whatsapp.com/privacy35f4.html]
[www.whatsapp.com/privacy09f9.html]
[www.whatsapp.com/privacyccd1.html]
[www.whatsapp.com/privacy0fa0.html]
[www.whatsapp.com/privacy5482.html]
[www.whatsapp.com/privacy8cc8.html]
[www.whatsapp.com/privacy846f.html]
[www.whatsapp.com/privacyd048.html]
[www.whatsapp.com/privacy37ed.html]
[www.whatsapp.com/privacy9e43.html]
[www.whatsapp.com/privacy48fb.html]
[www.whatsapp.com/privacyda8b.html]
[www.whatsapp.com/privacy08ce.html]
[www.whatsapp.com/privacyf499.html]
[www.whatsapp.com/privacye966.html]
[www.whatsapp.com/privacy4b4f.html]
[www.whatsapp.com/privacy13e4.html]
[www.whatsapp.com/privacy9fc0.html]
[www.whatsapp.com/privacy9f83.html]
[www.whatsapp.com/privacyff9d.html]
[www.whatsapp.com/privacycc92.html]
[www.whatsapp.com/privacy6844.html]
[www.whatsapp.com/privacy69b2.html]
[www.whatsapp.com/privacy1379.html]
[www.whatsapp.com/privacy95fc.html]
[www.whatsapp.com/privacy4ff3.html]
[www.whatsapp.com/privacy7b44.html]
[www.whatsapp.com/privacy1d0c.html]
[www.whatsapp.com/privacy610e.html]
[www.whatsapp.com/privacy6901.html]
[www.whatsapp.com/privacy3041.html]
[www.whatsapp.com/privacydf87.html]
[www.whatsapp.com/privacy7a87.html]
[www.whatsapp.com/privacy1d2d.html]
[www.whatsapp.com/privacyfd7c.html]
[www.whatsapp.com/privacy5e9d.html]
[www.whatsapp.com/privacy35ae.html]
[www.whatsapp.com/privacyb540.html]
[www.whatsapp.com/privacy17d5.html]
[www.whatsapp.com/privacy8876.html]
[www.whatsapp.com/privacy4481.html]
[www.whatsapp.com/privacy8526.html]
[www.whatsapp.com/privacyfb3d.html]
[www.whatsapp.com/privacy9bb4.html]
[www.whatsapp.com/privacy99dc.html]
[www.whatsapp.com/privacya35d.html]
[www.whatsapp.com/privacy7b3f.html]
[www.whatsapp.com/privacyc423.html]
[www.whatsapp.com/privacy3322.html]
[www.whatsapp.com/privacy91b9.html]
[www.whatsapp.com/privacyc69a.html]
[www.whatsapp.com/privacye68f.html]
[www.whatsapp.com/privacy5242.html]
[www.whatsapp.com/privacy1ebe.html]
[www.whatsapp.com/privacycf53.html]
[www.whatsapp.com/privacyc249.html]
[www.whatsapp.com/privacy1ff0.html]
[www.whatsapp.com/privacybd5a.html]
[www.whatsapp.com/privacya30c.html]
[www.whatsapp.com/privacycdb1.html]
[www.whatsapp.com/privacy2bc7.html]
[www.whatsapp.com/privacy1268.html]
[www.whatsapp.com/privacy9ff7.html]
[www.whatsapp.com/privacy6bf8.html]
[www.whatsapp.com/privacy085d.html]
[www.whatsapp.com/privacy23f1.html]
[www.whatsapp.com/privacy0b5e.html]
[www.whatsapp.com/privacy69cd.html]
[www.whatsapp.com/privacy08c7.html]
[www.whatsapp.com/privacy7c4b.html]
[www.whatsapp.com/privacy5720.html]
[www.whatsapp.com/privacy9e93.html]
[www.whatsapp.com/privacye034.html]
[www.whatsapp.com/privacy2296.html]
[www.whatsapp.com/privacy4bed.html]
[www.whatsapp.com/privacy1f03.html]
[www.whatsapp.com/privacyf59f.html]
[www.whatsapp.com/privacya908.html]
[www.whatsapp.com/privacy2139.html]
[www.whatsapp.com/privacy6e27.html]
[www.whatsapp.com/privacy9277.html]
[www.whatsapp.com/privacy64f4.html]
[www.whatsapp.com/privacyd6cc.html]
[www.whatsapp.com/privacye6ac.html]
[www.whatsapp.com/privacyadd9.html]
[www.whatsapp.com/privacybbc9.html]
[www.whatsapp.com/privacyef8e.html]
[www.whatsapp.com/privacy7d5b.html]
[www.whatsapp.com/privacy21c9.html]
[www.whatsapp.com/privacyc203.html]
[www.whatsapp.com/privacyf87d.html]
[www.whatsapp.com/privacy880d.html]
[www.whatsapp.com/privacy21ad.html]
[www.whatsapp.com/privacy2b51.html]
[www.whatsapp.com/privacycc5a.html]
[www.whatsapp.com/privacybc36.html]
[www.whatsapp.com/privacy9d3f.html]
[www.whatsapp.com/privacydd1b.html]
[www.whatsapp.com/privacyc9e6.html]
[www.whatsapp.com/privacy.html]
[www.whatsapp.com/privacy7542.html]
[www.whatsapp.com/stayconnected4964.html]
[www.whatsapp.com/stayconnected68a3.html]
[www.whatsapp.com/stayconnected6155.html]
[www.whatsapp.com/stayconnected59bf.html]
[www.whatsapp.com/stayconnected99fb.html]
[www.whatsapp.com/stayconnecteddcd8.html]
[www.whatsapp.com/stayconnectedce78.html]
[www.whatsapp.com/stayconnected80c2.html]
[www.whatsapp.com/stayconnecteddad8.html]
[www.whatsapp.com/stayconnectedc395.html]
[www.whatsapp.com/stayconnected0d12.html]
[www.whatsapp.com/stayconnecteddf70.html]
[www.whatsapp.com/stayconnectedb260.html]
[www.whatsapp.com/stayconnected1b07.html]
[www.whatsapp.com/stayconnected2ddb.html]
[www.whatsapp.com/stayconnected7168.html]
[www.whatsapp.com/stayconnected28e9.html]
[www.whatsapp.com/stayconnectede23a.html]
[www.whatsapp.com/stayconnectedd451.html]
[www.whatsapp.com/stayconnected35f4.html]
[www.whatsapp.com/stayconnected09f9.html]
[www.whatsapp.com/stayconnectedccd1.html]
[www.whatsapp.com/stayconnected0fa0.html]
[www.whatsapp.com/stayconnected5482.html]
[www.whatsapp.com/stayconnected8cc8.html]
[www.whatsapp.com/stayconnected846f.html]
[www.whatsapp.com/stayconnectedd048.html]
[www.whatsapp.com/stayconnected37ed.html]
[www.whatsapp.com/stayconnected9e43.html]
[www.whatsapp.com/stayconnected48fb.html]
[www.whatsapp.com/stayconnectedda8b.html]
[www.whatsapp.com/stayconnected08ce.html]
[www.whatsapp.com/stayconnectedf499.html]
[www.whatsapp.com/stayconnectede966.html]
[www.whatsapp.com/stayconnected4b4f.html]
[www.whatsapp.com/stayconnected13e4.html]
[www.whatsapp.com/stayconnected9fc0.html]
[www.whatsapp.com/stayconnected9f83.html]
[www.whatsapp.com/stayconnectedff9d.html]
[www.whatsapp.com/stayconnectedcc92.html]
[www.whatsapp.com/stayconnected6844.html]
[www.whatsapp.com/stayconnected69b2.html]
[www.whatsapp.com/stayconnected1379.html]
[www.whatsapp.com/stayconnected95fc.html]
[www.whatsapp.com/stayconnected4ff3.html]
[www.whatsapp.com/stayconnected7b44.html]
[www.whatsapp.com/stayconnected1d0c.html]
[www.whatsapp.com/stayconnected610e.html]
[www.whatsapp.com/stayconnected6901.html]
[www.whatsapp.com/stayconnected3041.html]
[www.whatsapp.com/stayconnecteddf87.html]
[www.whatsapp.com/stayconnected7a87.html]
[www.whatsapp.com/stayconnected1d2d.html]
[www.whatsapp.com/stayconnectedfd7c.html]
[www.whatsapp.com/stayconnected5e9d.html]
[www.whatsapp.com/stayconnected35ae.html]
[www.whatsapp.com/stayconnectedb540.html]
[www.whatsapp.com/stayconnected17d5.html]
[www.whatsapp.com/stayconnected8876.html]
[www.whatsapp.com/stayconnected4481.html]
[www.whatsapp.com/stayconnected8526.html]
[www.whatsapp.com/stayconnectedfb3d.html]
[www.whatsapp.com/stayconnected9bb4.html]
[www.whatsapp.com/stayconnected99dc.html]
[www.whatsapp.com/stayconnecteda35d.html]
[www.whatsapp.com/stayconnected7b3f.html]
[www.whatsapp.com/stayconnectedc423.html]
[www.whatsapp.com/stayconnected3322.html]
[www.whatsapp.com/stayconnected91b9.html]
[www.whatsapp.com/stayconnected9ed2.html]
[www.whatsapp.com/stayconnectedc69a.html]
[www.whatsapp.com/stayconnectede68f.html]
[www.whatsapp.com/stayconnected5242.html]
[www.whatsapp.com/stayconnected1ebe.html]
[www.whatsapp.com/stayconnectedcf53.html]
[www.whatsapp.com/stayconnectedc249.html]
[www.whatsapp.com/stayconnected1ff0.html]
[www.whatsapp.com/stayconnectedbd5a.html]
[www.whatsapp.com/stayconnecteda30c.html]
[www.whatsapp.com/stayconnectedcdb1.html]
[www.whatsapp.com/stayconnected2bc7.html]
[www.whatsapp.com/stayconnected1268.html]
[www.whatsapp.com/stayconnected9ff7.html]
[www.whatsapp.com/stayconnected6bf8.html]
[www.whatsapp.com/stayconnected085d.html]
[www.whatsapp.com/stayconnected23f1.html]
[www.whatsapp.com/stayconnected0b5e.html]
[www.whatsapp.com/stayconnected69cd.html]
[www.whatsapp.com/stayconnected08c7.html]
[www.whatsapp.com/stayconnected7c4b.html]
[www.whatsapp.com/stayconnected5720.html]
[www.whatsapp.com/stayconnected9e93.html]
[www.whatsapp.com/stayconnectede034.html]
[www.whatsapp.com/stayconnected2296.html]
[www.whatsapp.com/stayconnected4bed.html]
[www.whatsapp.com/stayconnected1f03.html]
[www.whatsapp.com/stayconnectedf59f.html]
[www.whatsapp.com/stayconnecteda908.html]
[www.whatsapp.com/stayconnected2139.html]
[www.whatsapp.com/stayconnected6e27.html]
[www.whatsapp.com/stayconnected9277.html]
[www.whatsapp.com/stayconnected64f4.html]
[www.whatsapp.com/stayconnectede6ac.html]
[www.whatsapp.com/stayconnectedadd9.html]
[www.whatsapp.com/stayconnectedbbc9.html]
[www.whatsapp.com/stayconnectedef8e.html]
[www.whatsapp.com/stayconnected7d5b.html]
[www.whatsapp.com/stayconnected21c9.html]
[www.whatsapp.com/stayconnectedc203.html]
[www.whatsapp.com/stayconnectedf87d.html]
[www.whatsapp.com/stayconnected880d.html]
[www.whatsapp.com/stayconnected21ad.html]
[www.whatsapp.com/stayconnected2b51.html]
[www.whatsapp.com/stayconnectedcc5a.html]
[www.whatsapp.com/stayconnectedbc36.html]
[www.whatsapp.com/stayconnected9d3f.html]
[www.whatsapp.com/stayconnecteddd1b.html]
[www.whatsapp.com/stayconnectedc9e6.html]
[www.whatsapp.com/stayconnected7542.html]
[www.whatsapp.com/u_0_f_J]
[www.whatsapp.com/stayconnected.html]
[www.whatsapp.com/community4964.html]
[www.whatsapp.com/community68a3.html]
[www.whatsapp.com/community6155.html]
[www.whatsapp.com/community59bf.html]
[www.whatsapp.com/community99fb.html]
[www.whatsapp.com/communitydcd8.html]
[www.whatsapp.com/communityce78.html]
[www.whatsapp.com/community80c2.html]
[www.whatsapp.com/communitydad8.html]
[www.whatsapp.com/communityc395.html]
[www.whatsapp.com/community0d12.html]
[www.whatsapp.com/communitydf70.html]
[www.whatsapp.com/communityb260.html]
[www.whatsapp.com/community1b07.html]
[www.whatsapp.com/community2ddb.html]
[www.whatsapp.com/community7168.html]
[www.whatsapp.com/community28e9.html]
[www.whatsapp.com/communitye23a.html]
[www.whatsapp.com/communityd451.html]
[www.whatsapp.com/community35f4.html]
[www.whatsapp.com/community09f9.html]
[www.whatsapp.com/communityccd1.html]
[www.whatsapp.com/community0fa0.html]
[www.whatsapp.com/community5482.html]
[www.whatsapp.com/community8cc8.html]
[www.whatsapp.com/community846f.html]
[www.whatsapp.com/communityd048.html]
[www.whatsapp.com/community37ed.html]
[www.whatsapp.com/community9e43.html]
[www.whatsapp.com/community48fb.html]
[www.whatsapp.com/communityda8b.html]
[www.whatsapp.com/community08ce.html]
[www.whatsapp.com/communityf499.html]
[www.whatsapp.com/communitye966.html]
[www.whatsapp.com/community4b4f.html]
[www.whatsapp.com/community13e4.html]
[www.whatsapp.com/community9fc0.html]
[www.whatsapp.com/community9f83.html]
[www.whatsapp.com/communityff9d.html]
[www.whatsapp.com/communitycc92.html]
[www.whatsapp.com/community6844.html]
[www.whatsapp.com/community69b2.html]
[www.whatsapp.com/community1379.html]
[www.whatsapp.com/community95fc.html]
[www.whatsapp.com/community4ff3.html]
[www.whatsapp.com/community7b44.html]
[www.whatsapp.com/community1d0c.html]
[www.whatsapp.com/community610e.html]
[www.whatsapp.com/community6901.html]
[www.whatsapp.com/community3041.html]
[www.whatsapp.com/communitydf87.html]
[www.whatsapp.com/community7a87.html]
[www.whatsapp.com/community1d2d.html]
[www.whatsapp.com/communityfd7c.html]
[www.whatsapp.com/community5e9d.html]
[www.whatsapp.com/community35ae.html]
[www.whatsapp.com/communityb540.html]
[www.whatsapp.com/community17d5.html]
[www.whatsapp.com/community8876.html]
[www.whatsapp.com/community4481.html]
[www.whatsapp.com/community8526.html]
[www.whatsapp.com/communityfb3d.html]
[www.whatsapp.com/community9bb4.html]
[www.whatsapp.com/community99dc.html]
[www.whatsapp.com/communitya35d.html]
[www.whatsapp.com/community7b3f.html]
[www.whatsapp.com/communityc423.html]
[www.whatsapp.com/community3322.html]
[www.whatsapp.com/community91b9.html]
[www.whatsapp.com/community9ed2.html]
[www.whatsapp.com/communityc69a.html]
[www.whatsapp.com/communitye68f.html]
[www.whatsapp.com/community5242.html]
[www.whatsapp.com/community1ebe.html]
[www.whatsapp.com/communitycf53.html]
[www.whatsapp.com/communityc249.html]
[www.whatsapp.com/community1ff0.html]
[www.whatsapp.com/communitybd5a.html]
[www.whatsapp.com/communitya30c.html]
[www.whatsapp.com/communitycdb1.html]
[www.whatsapp.com/community2bc7.html]
[www.whatsapp.com/community1268.html]
[www.whatsapp.com/community9ff7.html]
[www.whatsapp.com/community6bf8.html]
[www.whatsapp.com/community085d.html]
[www.whatsapp.com/community23f1.html]
[www.whatsapp.com/community0b5e.html]
[www.whatsapp.com/community69cd.html]
[www.whatsapp.com/community08c7.html]
[www.whatsapp.com/community7c4b.html]
[www.whatsapp.com/community5720.html]
[www.whatsapp.com/community9e93.html]
[www.whatsapp.com/communitye034.html]
[www.whatsapp.com/community2296.html]
[www.whatsapp.com/community4bed.html]
[www.whatsapp.com/communityf59f.html]
[www.whatsapp.com/communitya908.html]
[www.whatsapp.com/community2139.html]
[www.whatsapp.com/community6e27.html]
[www.whatsapp.com/community9277.html]
[www.whatsapp.com/community64f4.html]
[www.whatsapp.com/communityd6cc.html]
[www.whatsapp.com/communitye6ac.html]
[www.whatsapp.com/communityadd9.html]
[www.whatsapp.com/communitybbc9.html]
[www.whatsapp.com/communityef8e.html]
[www.whatsapp.com/community7d5b.html]
[www.whatsapp.com/community21c9.html]
[www.whatsapp.com/communityc203.html]
[www.whatsapp.com/communityf87d.html]
[www.whatsapp.com/community880d.html]
[www.whatsapp.com/community21ad.html]
[www.whatsapp.com/community2b51.html]
[www.whatsapp.com/communitycc5a.html]
[www.whatsapp.com/communitybc36.html]
[www.whatsapp.com/community9d3f.html]
[www.whatsapp.com/communitydd1b.html]
[www.whatsapp.com/communityc9e6.html]
[www.whatsapp.com/community7542.html]
[www.whatsapp.com/communities/learning.html]
[www.whatsapp.com/u_0_6_q]
[www.whatsapp.com/community.html]
[www.whatsapp.com/expressyourself4964.html]
[www.whatsapp.com/expressyourself68a3.html]
[www.whatsapp.com/expressyourself6155.html]
[www.whatsapp.com/expressyourself59bf.html]
[www.whatsapp.com/expressyourself99fb.html]
[www.whatsapp.com/expressyourselfdcd8.html]
[www.whatsapp.com/expressyourselfce78.html]
[www.whatsapp.com/expressyourself80c2.html]
[www.whatsapp.com/expressyourselfdad8.html]
[www.whatsapp.com/expressyourselfc395.html]
[www.whatsapp.com/expressyourself0d12.html]
[www.whatsapp.com/expressyourselfdf70.html]
[www.whatsapp.com/expressyourselfb260.html]
[www.whatsapp.com/expressyourself1b07.html]
[www.whatsapp.com/expressyourself2ddb.html]
[www.whatsapp.com/expressyourself7168.html]
[www.whatsapp.com/expressyourself28e9.html]
[www.whatsapp.com/expressyourselfe23a.html]
[www.whatsapp.com/expressyourselfd451.html]
[www.whatsapp.com/expressyourself35f4.html]
[www.whatsapp.com/expressyourself09f9.html]
[www.whatsapp.com/expressyourselfccd1.html]
[www.whatsapp.com/expressyourself0fa0.html]
[www.whatsapp.com/expressyourself5482.html]
[www.whatsapp.com/expressyourself8cc8.html]
[www.whatsapp.com/expressyourself846f.html]
[www.whatsapp.com/expressyourselfd048.html]
[www.whatsapp.com/expressyourself37ed.html]
[www.whatsapp.com/expressyourself9e43.html]
[www.whatsapp.com/expressyourself48fb.html]
[www.whatsapp.com/expressyourselfda8b.html]
[www.whatsapp.com/expressyourself08ce.html]
[www.whatsapp.com/expressyourselff499.html]
[www.whatsapp.com/expressyourselfe966.html]
[www.whatsapp.com/expressyourself4b4f.html]
[www.whatsapp.com/expressyourself13e4.html]
[www.whatsapp.com/expressyourself9fc0.html]
[www.whatsapp.com/expressyourself9f83.html]
[www.whatsapp.com/expressyourselfff9d.html]
[www.whatsapp.com/expressyourselfcc92.html]
[www.whatsapp.com/expressyourself6844.html]
[www.whatsapp.com/expressyourself69b2.html]
[www.whatsapp.com/expressyourself1379.html]
[www.whatsapp.com/expressyourself95fc.html]
[www.whatsapp.com/expressyourself4ff3.html]
[www.whatsapp.com/expressyourself7b44.html]
[www.whatsapp.com/expressyourself1d0c.html]
[www.whatsapp.com/expressyourself610e.html]
[www.whatsapp.com/expressyourself6901.html]
[www.whatsapp.com/expressyourself3041.html]
[www.whatsapp.com/expressyourselfdf87.html]
[www.whatsapp.com/expressyourself7a87.html]
[www.whatsapp.com/expressyourself1d2d.html]
[www.whatsapp.com/expressyourselffd7c.html]
[www.whatsapp.com/expressyourself5e9d.html]
[www.whatsapp.com/expressyourself35ae.html]
[www.whatsapp.com/expressyourselfb540.html]
[www.whatsapp.com/expressyourself17d5.html]
[www.whatsapp.com/expressyourself8876.html]
[www.whatsapp.com/expressyourself4481.html]
[www.whatsapp.com/expressyourself8526.html]
[www.whatsapp.com/expressyourselffb3d.html]
[www.whatsapp.com/expressyourself9bb4.html]
[www.whatsapp.com/expressyourself99dc.html]
[www.whatsapp.com/expressyourself7b3f.html]
[www.whatsapp.com/expressyourselfc423.html]
[www.whatsapp.com/expressyourself3322.html]
[www.whatsapp.com/expressyourself91b9.html]
[www.whatsapp.com/expressyourself9ed2.html]
[www.whatsapp.com/expressyourselfc69a.html]
[www.whatsapp.com/expressyourselfe68f.html]
[www.whatsapp.com/expressyourself5242.html]
[www.whatsapp.com/expressyourself1ebe.html]
[www.whatsapp.com/expressyourselfcf53.html]
[www.whatsapp.com/expressyourselfc249.html]
[www.whatsapp.com/expressyourself1ff0.html]
[www.whatsapp.com/expressyourselfbd5a.html]
[www.whatsapp.com/expressyourselfa30c.html]
[www.whatsapp.com/expressyourselfcdb1.html]
[www.whatsapp.com/expressyourself2bc7.html]
[www.whatsapp.com/expressyourself1268.html]
[www.whatsapp.com/expressyourself9ff7.html]
[www.whatsapp.com/expressyourself6bf8.html]
[www.whatsapp.com/expressyourself085d.html]
[www.whatsapp.com/expressyourself23f1.html]
[www.whatsapp.com/expressyourself0b5e.html]
[www.whatsapp.com/expressyourself69cd.html]
[www.whatsapp.com/expressyourself08c7.html]
[www.whatsapp.com/expressyourself7c4b.html]
[www.whatsapp.com/expressyourself5720.html]
[www.whatsapp.com/expressyourself9e93.html]
[www.whatsapp.com/expressyourselfe034.html]
[www.whatsapp.com/expressyourself2296.html]
[www.whatsapp.com/expressyourself4bed.html]
[www.whatsapp.com/expressyourself1f03.html]
[www.whatsapp.com/expressyourselff59f.html]
[www.whatsapp.com/expressyourselfa908.html]
[www.whatsapp.com/expressyourself2139.html]
[www.whatsapp.com/expressyourself6e27.html]
[www.whatsapp.com/expressyourself9277.html]
[www.whatsapp.com/expressyourself64f4.html]
[www.whatsapp.com/expressyourselfd6cc.html]
[www.whatsapp.com/expressyourselfe6ac.html]
[www.whatsapp.com/expressyourselfadd9.html]
[www.whatsapp.com/expressyourselfbbc9.html]
[www.whatsapp.com/expressyourselfef8e.html]
[www.whatsapp.com/expressyourself7d5b.html]
[www.whatsapp.com/expressyourself21c9.html]
[www.whatsapp.com/expressyourselfc203.html]
[www.whatsapp.com/expressyourselff87d.html]
[www.whatsapp.com/expressyourself880d.html]
[www.whatsapp.com/expressyourself21ad.html]
[www.whatsapp.com/expressyourself2b51.html]
[www.whatsapp.com/expressyourselfcc5a.html]
[www.whatsapp.com/expressyourselfbc36.html]
[www.whatsapp.com/expressyourself9d3f.html]
[www.whatsapp.com/expressyourselfdd1b.html]
[www.whatsapp.com/expressyourselfc9e6.html]
[www.whatsapp.com/expressyourself.html]
[www.whatsapp.com/expressyourself7542.html]
[www.whatsapp.com/download4964.html]
[www.whatsapp.com/download68a3.html]
[www.whatsapp.com/download6155.html]
[www.whatsapp.com/download59bf.html]
[www.whatsapp.com/download99fb.html]
[www.whatsapp.com/downloaddcd8.html]
[www.whatsapp.com/downloadce78.html]
[www.whatsapp.com/download80c2.html]
[www.whatsapp.com/downloaddad8.html]
[www.whatsapp.com/downloadc395.html]
[www.whatsapp.com/download0d12.html]
[www.whatsapp.com/downloaddf70.html]
[www.whatsapp.com/downloadb260.html]
[www.whatsapp.com/download1b07.html]
[www.whatsapp.com/download2ddb.html]
[www.whatsapp.com/download7168.html]
[www.whatsapp.com/download28e9.html]
[www.whatsapp.com/downloade23a.html]
[www.whatsapp.com/downloadd451.html]
[www.whatsapp.com/download35f4.html]
[www.whatsapp.com/download09f9.html]
[www.whatsapp.com/downloadccd1.html]
[www.whatsapp.com/download0fa0.html]
[www.whatsapp.com/download5482.html]
[www.whatsapp.com/download8cc8.html]
[www.whatsapp.com/download846f.html]
[www.whatsapp.com/downloadd048.html]
[www.whatsapp.com/download37ed.html]
[www.whatsapp.com/download9e43.html]
[www.whatsapp.com/download48fb.html]
[www.whatsapp.com/downloadda8b.html]
[www.whatsapp.com/download08ce.html]
[www.whatsapp.com/downloadf499.html]
[www.whatsapp.com/downloade966.html]
[www.whatsapp.com/download4b4f.html]
[www.whatsapp.com/download13e4.html]
[www.whatsapp.com/download9fc0.html]
[www.whatsapp.com/download9f83.html]
[www.whatsapp.com/downloadff9d.html]
[www.whatsapp.com/downloadcc92.html]
[www.whatsapp.com/download6844.html]
[www.whatsapp.com/download69b2.html]
[www.whatsapp.com/download1379.html]
[www.whatsapp.com/download95fc.html]
[www.whatsapp.com/download4ff3.html]
[www.whatsapp.com/download7b44.html]
[www.whatsapp.com/download1d0c.html]
[www.whatsapp.com/download610e.html]
[www.whatsapp.com/download6901.html]
[www.whatsapp.com/download3041.html]
[www.whatsapp.com/downloaddf87.html]
[www.whatsapp.com/download7a87.html]
[www.whatsapp.com/download1d2d.html]
[www.whatsapp.com/downloadfd7c.html]
[www.whatsapp.com/download5e9d.html]
[www.whatsapp.com/download35ae.html]
[www.whatsapp.com/downloadb540.html]
[www.whatsapp.com/download17d5.html]
[www.whatsapp.com/download8876.html]
[www.whatsapp.com/download4481.html]
[www.whatsapp.com/download8526.html]
[www.whatsapp.com/downloadfb3d.html]
[www.whatsapp.com/download9bb4.html]
[www.whatsapp.com/download99dc.html]
[www.whatsapp.com/downloada35d.html]
[www.whatsapp.com/download7b3f.html]
[www.whatsapp.com/downloadc423.html]
[www.whatsapp.com/download3322.html]
[www.whatsapp.com/download91b9.html]
[www.whatsapp.com/download9ed2.html]
[www.whatsapp.com/downloade68f.html]
[www.whatsapp.com/download5242.html]
[www.whatsapp.com/download1ebe.html]
[www.whatsapp.com/downloadcf53.html]
[www.whatsapp.com/downloadc249.html]
[www.whatsapp.com/download1ff0.html]
[www.whatsapp.com/downloadbd5a.html]
[www.whatsapp.com/downloada30c.html]
[www.whatsapp.com/downloadcdb1.html]
[www.whatsapp.com/download2bc7.html]
[www.whatsapp.com/download1268.html]
[www.whatsapp.com/download9ff7.html]
[www.whatsapp.com/download6bf8.html]
[www.whatsapp.com/download085d.html]
[www.whatsapp.com/download23f1.html]
[www.whatsapp.com/download0b5e.html]
[www.whatsapp.com/download69cd.html]
[www.whatsapp.com/download08c7.html]
[www.whatsapp.com/download7c4b.html]
[www.whatsapp.com/download5720.html]
[www.whatsapp.com/download9e93.html]
[www.whatsapp.com/downloade034.html]
[www.whatsapp.com/download2296.html]
[www.whatsapp.com/download4bed.html]
[www.whatsapp.com/download1f03.html]
[www.whatsapp.com/downloadf59f.html]
[www.whatsapp.com/downloada908.html]
[www.whatsapp.com/download2139.html]
[www.whatsapp.com/download6e27.html]
[www.whatsapp.com/download9277.html]
[www.whatsapp.com/download64f4.html]
[www.whatsapp.com/downloadd6cc.html]
[www.whatsapp.com/downloade6ac.html]
[www.whatsapp.com/downloadadd9.html]
[www.whatsapp.com/downloadbbc9.html]
[www.whatsapp.com/downloadef8e.html]
[www.whatsapp.com/download7d5b.html]
[www.whatsapp.com/download21c9.html]
[www.whatsapp.com/downloadc203.html]
[www.whatsapp.com/downloadf87d.html]
[www.whatsapp.com/download880d.html]
[www.whatsapp.com/download21ad.html]
[www.whatsapp.com/download2b51.html]
[www.whatsapp.com/downloadcc5a.html]
[www.whatsapp.com/downloadbc36.html]
[www.whatsapp.com/download9d3f.html]
[www.whatsapp.com/downloaddd1b.html]
[www.whatsapp.com/downloadc9e6.html]
[www.whatsapp.com/download7542.html]
[www.whatsapp.com/legal/terms-of-service.html]
[www.whatsapp.com/legal/privacy-policy.html]
[www.whatsapp.com/theaustralian.com.au]
[www.whatsapp.com/news.com.au]
[www.whatsapp.com/kollosche.com.au]
[www.whatsapp.com/awstrack.me]
[www.whatsapp.com/download.html]
[www.whatsapp.com/legal.html]
[www.whatsapp.com/legal/index4964.html]
[www.whatsapp.com/legal6155.html]
[www.whatsapp.com/legal99fb.html]
[www.whatsapp.com/legaldcd8.html]
[www.whatsapp.com/legalce78.html]
[www.whatsapp.com/legal80c2.html]
[www.whatsapp.com/legaldad8.html]
[www.whatsapp.com/legalc395.html]
[www.whatsapp.com/legal0d12.html]
[www.whatsapp.com/legaldf70.html]
[www.whatsapp.com/legalb260.html]
[www.whatsapp.com/legal2ddb.html]
[www.whatsapp.com/legal7168.html]
[www.whatsapp.com/legal28e9.html]
[www.whatsapp.com/legald451.html]
[www.whatsapp.com/legal35f4.html]
[www.whatsapp.com/legal09f9.html]
[www.whatsapp.com/legalccd1.html]
[www.whatsapp.com/legal0fa0.html]
[www.whatsapp.com/legal5482.html]
[www.whatsapp.com/legal8cc8.html]
[www.whatsapp.com/legal846f.html]
[www.whatsapp.com/legal37ed.html]
[www.whatsapp.com/legal9e43.html]
[www.whatsapp.com/legal48fb.html]
[www.whatsapp.com/legalda8b.html]
[www.whatsapp.com/legalf499.html]
[www.whatsapp.com/legale966.html]
[www.whatsapp.com/legal13e4.html]
[www.whatsapp.com/legal9fc0.html]
[www.whatsapp.com/legal9f83.html]
[www.whatsapp.com/legalff9d.html]
[www.whatsapp.com/legalcc92.html]
[www.whatsapp.com/legal6844.html]
[www.whatsapp.com/legal69b2.html]
[www.whatsapp.com/legal1379.html]
[www.whatsapp.com/legal95fc.html]
[www.whatsapp.com/legal4ff3.html]
[www.whatsapp.com/legal610e.html]
[www.whatsapp.com/legal3041.html]
[www.whatsapp.com/legaldf87.html]
[www.whatsapp.com/legal7a87.html]
[www.whatsapp.com/legal1d2d.html]
[www.whatsapp.com/legal5e9d.html]
[www.whatsapp.com/legal4481.html]
[www.whatsapp.com/legal/index8526.html]
[www.whatsapp.com/legal/indexfb3d.html]
[www.whatsapp.com/legal/index9bb4.html]
[www.whatsapp.com/legal/privacy-policy-eeac0f5.html]
[www.whatsapp.com/legal/terms-of-service-eea.html]
[www.whatsapp.com/legal/index99dc.html]
[www.whatsapp.com/legal/indexa35d.html]
[www.whatsapp.com/legal/index7b3f.html]
[www.whatsapp.com/legal/index3322.html]
[www.whatsapp.com/legal/indexc423.html]
[www.whatsapp.com/legal/index91b9.html]
[www.whatsapp.com/legal/index9ed2.html]
[www.whatsapp.com/legal/indexc69a.html]
[www.whatsapp.com/legal/privacy-policy-eea.html]
[www.whatsapp.com/legal/indexe68f.html]
[www.whatsapp.com/legal/eecc-eea.html]
[www.whatsapp.com/legal/indexcf53.html]
[www.whatsapp.com/legal/index5242.html]
[www.whatsapp.com/legal/index1ebe.html]
[www.whatsapp.com/legal/indexc249.html]
[www.whatsapp.com/legal/index1ff0.html]
[www.whatsapp.com/legal/indexbd5a.html]
[www.whatsapp.com/legal/indexa30c.html]
[www.whatsapp.com/legal/ip-policy.html]
[www.whatsapp.com/legal/index1268.html]
[www.whatsapp.com/legal/index2bc7.html]
[www.whatsapp.com/legal/indexcdb1.html]
[www.whatsapp.com/legal/dma-notice-non-users.html]
[www.whatsapp.com/legal/index6bf8.html]
[www.whatsapp.com/legal/index9ff7.html]
[www.whatsapp.com/legal/index085d.html]
[www.whatsapp.com/legal/cookies.html]
[www.whatsapp.com/legal/index69cd.html]
[www.whatsapp.com/legal/index0b5e.html]
[www.whatsapp.com/legal/index23f1.html]
[www.whatsapp.com/legal/information-for-people-who-dont-use-whatsapp.html]
[www.whatsapp.com/legal/index5720.html]
[www.whatsapp.com/legal/index08c7.html]
[www.whatsapp.com/legal/index7c4b.html]
[www.whatsapp.com/legal/channels-guidelines.html]
[www.whatsapp.com/legal/indexe034.html]
[www.whatsapp.com/legal/index9e93.html]
[www.whatsapp.com/legal/index2296.html]
[www.whatsapp.com/legal/messaging-guidelines.html]
[www.whatsapp.com/legal/index1f03.html]
[www.whatsapp.com/legal/index4bed.html]
[www.whatsapp.com/legal/indexf59f.html]
[www.whatsapp.com/legal/business-terms.html]
[www.whatsapp.com/legal/index2139.html]
[www.whatsapp.com/legal/index6e27.html]
[www.whatsapp.com/legal/indexa908.html]
[www.whatsapp.com/legal/business-data-processing-terms.html]
[www.whatsapp.com/legal/index9277.html]
[www.whatsapp.com/legal/index64f4.html]
[www.whatsapp.com/legal/indexd6cc.html]
[www.whatsapp.com/legal/business-data-transfer-addendum.html]
[www.whatsapp.com/legal/indexe6ac.html]
[www.whatsapp.com/legal/indexadd9.html]
[www.whatsapp.com/legal/business-data-security-terms.html]
[www.whatsapp.com/legal/indexbbc9.html]
[www.whatsapp.com/legal/index7d5b.html]
[www.whatsapp.com/legal/indexef8e.html]
[www.whatsapp.com/legal/merchant-terms.html]
[www.whatsapp.com/legal/indexc203.html]
[www.whatsapp.com/legal/index21c9.html]
[www.whatsapp.com/legal/indexf87d.html]
[www.whatsapp.com/legal/channels-business-terms.html]
[www.whatsapp.com/legal/index880d.html]
[www.whatsapp.com/legal/index2b51.html]
[www.whatsapp.com/legal/index21ad.html]
[www.whatsapp.com/legal/meta-terms-whatsapp-business.html]
[www.whatsapp.com/legal/index9d3f.html]
[www.whatsapp.com/legal/indexcc5a.html]
[www.whatsapp.com/legal/indexbc36.html]
[www.whatsapp.com/legal/business-solution-terms.html]
[www.whatsapp.com/legal/index7542.html]
[www.whatsapp.com/legal/indexc9e6.html]
[www.whatsapp.com/contact/forms/382532939919295/index.html]
[www.whatsapp.com/legal/channels-terms-of-service-eea/index.html]
[www.whatsapp.com/legal/channels-privacy-policy-eea/index.html]
[www.whatsapp.com/legal/business-terms-for-service-providers.html]
[www.whatsapp.com/legal/sIXck9]
[www.whatsapp.com/legal/LYq]
[www.whatsapp.com/legal/u_0_9_R]
[www.whatsapp.com/legal/index.html]
[www.whatsapp.com/u_0_12_s]
[www.whatsapp.com/index8526.html]
[www.whatsapp.com/indexfb3d.html]
[www.whatsapp.com/u_0_4_B]
[www.whatsapp.com/indexe7ca.html]
[www.whatsapp.com/indexecae.html]
[www.whatsapp.com/indexeb8e.html]
[www.whatsapp.com/u_0_m_8]
[www.whatsapp.com/u_0_17_M]
[www.whatsapp.com/index9bb4.html]
[www.whatsapp.com/index99dc.html]
[www.whatsapp.com/u_0_v_w]
[www.whatsapp.com/index8afa.html]
[www.whatsapp.com/indexcbbd.html]
[www.whatsapp.com/u_0_x_f]
[www.whatsapp.com/u_0_1n_H]
[www.whatsapp.com/indexa35d.html]
[www.whatsapp.com/u_0_b_n]
[www.whatsapp.com/u_0_s_j]
[www.whatsapp.com/index7b3f.html]
[www.whatsapp.com/index255e.html]
[www.whatsapp.com/u_0_h_2]
[www.whatsapp.com/indexc423.html]
[www.whatsapp.com/u_0_a_a]
[www.whatsapp.com/index3322.html]
[www.whatsapp.com/index91b9.html]
[www.whatsapp.com/indexc348.html]
[www.whatsapp.com/index1f39.html]
[www.whatsapp.com/index5824.html]
[www.whatsapp.com/index61bc.html]
[www.whatsapp.com/u_0_4_g]
[www.whatsapp.com/indexc69a.html]
[www.whatsapp.com/u_0_1e_F]
[www.whatsapp.com/indexe68f.html]
[www.whatsapp.com/index5c38.html]
[www.whatsapp.com/u_0_a_]
[www.whatsapp.com/u_0_12_Q]
[www.whatsapp.com/index5242.html]
[www.whatsapp.com/index1ebe.html]
[www.whatsapp.com/index22fc.html]
[www.whatsapp.com/u_0_z_r]
[www.whatsapp.com/index7e26.html]
[www.whatsapp.com/u_0_16_p]
[www.whatsapp.com/indexcf53.html]
[www.whatsapp.com/indexdfa5.html]
[www.whatsapp.com/u_0_j_L]
[www.whatsapp.com/indexc249.html]
[www.whatsapp.com/u_0_1n_R]
[www.whatsapp.com/index1ff0.html]
[www.whatsapp.com/index0a2e.html]
[www.whatsapp.com/u_0_j_e]
[www.whatsapp.com/indexbd5a.html]
[www.whatsapp.com/indexa30c.html]
[www.whatsapp.com/index5c55.html]
[www.whatsapp.com/u_0_1p_p]
[www.whatsapp.com/indexcdb1.html]
[www.whatsapp.com/indexd8ae.html]
[www.whatsapp.com/index1af8.html]
[www.whatsapp.com/indexa06e.html]
[www.whatsapp.com/u_0_8_A]
[www.whatsapp.com/index2bc7.html]
[www.whatsapp.com/index1268.html]
[www.whatsapp.com/index04c1.html]
[www.whatsapp.com/u_0_a_C]
[www.whatsapp.com/index21d7.html]
[www.whatsapp.com/u_0_f_v]
[www.whatsapp.com/index9ff7.html]
[www.whatsapp.com/indexf256.html]
[www.whatsapp.com/u_0_j_1]
[www.whatsapp.com/index6bf8.html]
[www.whatsapp.com/u_0_w_N]
[www.whatsapp.com/index085d.html]
[www.whatsapp.com/index34fb.html]
[www.whatsapp.com/u_0_13_C]
[www.whatsapp.com/index23f1.html]
[www.whatsapp.com/index0b5e.html]
[www.whatsapp.com/indexde00.html]
[www.whatsapp.com/indexfff2.html]
[www.whatsapp.com/u_0_15_b]
[www.whatsapp.com/index42e0.html]
[www.whatsapp.com/index9a6a.html]
[www.whatsapp.com/u_0_1d_G]
[www.whatsapp.com/index69cd.html]
[www.whatsapp.com/u_0_1k_S]
[www.whatsapp.com/index08c7.html]
[www.whatsapp.com/index7c4b.html]
[www.whatsapp.com/index5720.html]
[www.whatsapp.com/u_0_1a_9]
[www.whatsapp.com/index9e93.html]
[www.whatsapp.com/index51b5.html]
[www.whatsapp.com/indexa84a.html]
[www.whatsapp.com/index1a1d.html]
[www.whatsapp.com/index6bb5.html]
[www.whatsapp.com/__elem_bb0debb2_0_1_v]
[www.whatsapp.com/indexe034.html]
[www.whatsapp.com/u_0_v_E]
[www.whatsapp.com/indexb9f1.html]
[www.whatsapp.com/u_0_1l_s]
[www.whatsapp.com/index2296.html]
[www.whatsapp.com/index4bed.html]
[www.whatsapp.com/index1f03.html]
[www.whatsapp.com/index4b3f.html]
[www.whatsapp.com/u_0_m_k]
[www.whatsapp.com/indexf59f.html]
[www.whatsapp.com/indexdf74.html]
[www.whatsapp.com/indexad3f.html]
[www.whatsapp.com/u_0_11_K]
[www.whatsapp.com/indexa908.html]
[www.whatsapp.com/index2139.html]
[www.whatsapp.com/index56c3.html]
[www.whatsapp.com/u_0_n_0]
[www.whatsapp.com/index773a.html]
[www.whatsapp.com/indexf82e.html]
[www.whatsapp.com/indexf8d0.html]
[www.whatsapp.com/u_0_w_o]
[www.whatsapp.com/index6e27.html]
[www.whatsapp.com/u_0_1e_T]
[www.whatsapp.com/indexb9ff.html]
[www.whatsapp.com/u_0_1o_w]
[www.whatsapp.com/u_0_1s_m]
[www.whatsapp.com/index9277.html]
[www.whatsapp.com/index3714.html]
[www.whatsapp.com/u_0_9_C]
[www.whatsapp.com/u_0_1l_p]
[www.whatsapp.com/index64f4.html]
[www.whatsapp.com/indexd6cc.html]
[www.whatsapp.com/u_0_18_r]
[www.whatsapp.com/indexe6ac.html]
[www.whatsapp.com/index70c8.html]
[www.whatsapp.com/u_0_g_W]
[www.whatsapp.com/index1304.html]
[www.whatsapp.com/u_0_1l_6]
[www.whatsapp.com/index520f.html]
[www.whatsapp.com/u_0_1p_G]
[www.whatsapp.com/indexadd9.html]
[www.whatsapp.com/u_0_j_p]
[www.whatsapp.com/u_0_1m_9]
[www.whatsapp.com/indexbbc9.html]
[www.whatsapp.com/indexef8e.html]
[www.whatsapp.com/indexa56b.html]
[www.whatsapp.com/u_0_1e_S]
[www.whatsapp.com/index7d5b.html]
[www.whatsapp.com/index47f0.html]
[www.whatsapp.com/u_0_8_7]
[www.whatsapp.com/index21c9.html]
[www.whatsapp.com/index86cf.html]
[www.whatsapp.com/index3f8d.html]
[www.whatsapp.com/u_0_1c_e]
[www.whatsapp.com/indexc203.html]
[www.whatsapp.com/u_0_f_7]
[www.whatsapp.com/index0839.html]
[www.whatsapp.com/u_0_1q_N]
[www.whatsapp.com/indexf87d.html]
[www.whatsapp.com/index404e.html]
[www.whatsapp.com/u_0_1_o]
[www.whatsapp.com/index880d.html]
[www.whatsapp.com/index21ad.html]
[www.whatsapp.com/index2b51.html]
[www.whatsapp.com/indexcc5a.html]
[www.whatsapp.com/index9465.html]
[www.whatsapp.com/indexbc36.html]
[www.whatsapp.com/indexac67.html]
[www.whatsapp.com/index465f.html]
[www.whatsapp.com/index6de4.html]
[www.whatsapp.com/index9d3f.html]
[www.whatsapp.com/indexdd1b.html]
[www.whatsapp.com/indexdb89.html]
[www.whatsapp.com/u_0_18_i]
[www.whatsapp.com/indexc9e6.html]
[www.whatsapp.com/index121e.html]
[www.whatsapp.com/indexcb35.html]
[www.whatsapp.com/indexc2dd.html]
[www.whatsapp.com/u_0_1q_U]
[www.whatsapp.com/index7542.html]
[www.whatsapp.com/index01cc.html]
[www.whatsapp.com/security4964.html]
[www.whatsapp.com/security68a3.html]
[www.whatsapp.com/security6155.html]
[www.whatsapp.com/security59bf.html]
[www.whatsapp.com/security99fb.html]
[www.whatsapp.com/securitydcd8.html]
[www.whatsapp.com/securityce78.html]
[www.whatsapp.com/security80c2.html]
[www.whatsapp.com/securitydad8.html]
[www.whatsapp.com/securityc395.html]
[www.whatsapp.com/security0d12.html]
[www.whatsapp.com/securitydf70.html]
[www.whatsapp.com/securityb260.html]
[www.whatsapp.com/security1b07.html]
[www.whatsapp.com/security2ddb.html]
[www.whatsapp.com/security7168.html]
[www.whatsapp.com/security28e9.html]
[www.whatsapp.com/securitye23a.html]
[www.whatsapp.com/securityd451.html]
[www.whatsapp.com/security35f4.html]
[www.whatsapp.com/security09f9.html]
[www.whatsapp.com/securityccd1.html]
[www.whatsapp.com/security0fa0.html]
[www.whatsapp.com/security5482.html]
[www.whatsapp.com/security8cc8.html]
[www.whatsapp.com/security846f.html]
[www.whatsapp.com/securityd048.html]
[www.whatsapp.com/security37ed.html]
[www.whatsapp.com/security9e43.html]
[www.whatsapp.com/security48fb.html]
[www.whatsapp.com/securityda8b.html]
[www.whatsapp.com/security08ce.html]
[www.whatsapp.com/securityf499.html]
[www.whatsapp.com/securitye966.html]
[www.whatsapp.com/security4b4f.html]
[www.whatsapp.com/security13e4.html]
[www.whatsapp.com/security9fc0.html]
[www.whatsapp.com/security9f83.html]
[www.whatsapp.com/securityff9d.html]
[www.whatsapp.com/securitycc92.html]
[www.whatsapp.com/security6844.html]
[www.whatsapp.com/security69b2.html]
[www.whatsapp.com/security1379.html]
[www.whatsapp.com/security95fc.html]
[www.whatsapp.com/security4ff3.html]
[www.whatsapp.com/security7b44.html]
[www.whatsapp.com/security1d0c.html]
[www.whatsapp.com/security610e.html]
[www.whatsapp.com/security6901.html]
[www.whatsapp.com/security3041.html]
[www.whatsapp.com/securitydf87.html]
[www.whatsapp.com/security7a87.html]
[www.whatsapp.com/security1d2d.html]
[www.whatsapp.com/securityfd7c.html]
[www.whatsapp.com/security5e9d.html]
[www.whatsapp.com/security35ae.html]
[www.whatsapp.com/securityb540.html]
[www.whatsapp.com/security17d5.html]
[www.whatsapp.com/security8876.html]
[www.whatsapp.com/security4481.html]
[www.whatsapp.com/security8526.html]
[www.whatsapp.com/securityfb3d.html]
[www.whatsapp.com/security9bb4.html]
[www.whatsapp.com/security99dc.html]
[www.whatsapp.com/securitya35d.html]
[www.whatsapp.com/security7b3f.html]
[www.whatsapp.com/securityc423.html]
[www.whatsapp.com/security3322.html]
[www.whatsapp.com/security91b9.html]
[www.whatsapp.com/security9ed2.html]
[www.whatsapp.com/securityc69a.html]
[www.whatsapp.com/securitye68f.html]
[www.whatsapp.com/security5242.html]
[www.whatsapp.com/security1ebe.html]
[www.whatsapp.com/securitycf53.html]
[www.whatsapp.com/securityc249.html]
[www.whatsapp.com/security1ff0.html]
[www.whatsapp.com/securitybd5a.html]
[www.whatsapp.com/securitya30c.html]
[www.whatsapp.com/securitycdb1.html]
[www.whatsapp.com/security2bc7.html]
[www.whatsapp.com/security1268.html]
[www.whatsapp.com/security9ff7.html]
[www.whatsapp.com/security6bf8.html]
[www.whatsapp.com/security085d.html]
[www.whatsapp.com/security23f1.html]
[www.whatsapp.com/security0b5e.html]
[www.whatsapp.com/security69cd.html]
[www.whatsapp.com/security08c7.html]
[www.whatsapp.com/security7c4b.html]
[www.whatsapp.com/security9e93.html]
[www.whatsapp.com/securitye034.html]
[www.whatsapp.com/security2296.html]
[www.whatsapp.com/security4bed.html]
[www.whatsapp.com/security1f03.html]
[www.whatsapp.com/securityf59f.html]
[www.whatsapp.com/securitya908.html]
[www.whatsapp.com/security2139.html]
[www.whatsapp.com/security6e27.html]
[www.whatsapp.com/security9277.html]
[www.whatsapp.com/security64f4.html]
[www.whatsapp.com/securityd6cc.html]
[www.whatsapp.com/securitye6ac.html]
[www.whatsapp.com/securityadd9.html]
[www.whatsapp.com/securitybbc9.html]
[www.whatsapp.com/securityef8e.html]
[www.whatsapp.com/security7d5b.html]
[www.whatsapp.com/security21c9.html]
[www.whatsapp.com/securityc203.html]
[www.whatsapp.com/securityf87d.html]
[www.whatsapp.com/security880d.html]
[www.whatsapp.com/security21ad.html]
[www.whatsapp.com/security2b51.html]
[www.whatsapp.com/securitycc5a.html]
[www.whatsapp.com/securitybc36.html]
[www.whatsapp.com/security9d3f.html]
[www.whatsapp.com/securitydd1b.html]
[www.whatsapp.com/securityc9e6.html]
[www.whatsapp.com/security7542.html]
[www.whatsapp.com/u_0_6_R]
[www.whatsapp.com/security.html]
[www.whatsapp.com/about4964.html]
[www.whatsapp.com/about68a3.html]
[www.whatsapp.com/about6155.html]
[www.whatsapp.com/about59bf.html]
[www.whatsapp.com/about99fb.html]
[www.whatsapp.com/aboutdcd8.html]
[www.whatsapp.com/aboutce78.html]
[www.whatsapp.com/about80c2.html]
[www.whatsapp.com/aboutdad8.html]
[www.whatsapp.com/aboutc395.html]
[www.whatsapp.com/about0d12.html]
[www.whatsapp.com/aboutdf70.html]
[www.whatsapp.com/aboutb260.html]
[www.whatsapp.com/about1b07.html]
[www.whatsapp.com/about2ddb.html]
[www.whatsapp.com/about7168.html]
[www.whatsapp.com/about28e9.html]
[www.whatsapp.com/aboute23a.html]
[www.whatsapp.com/aboutd451.html]
[www.whatsapp.com/about35f4.html]
[www.whatsapp.com/about09f9.html]
[www.whatsapp.com/aboutccd1.html]
[www.whatsapp.com/about0fa0.html]
[www.whatsapp.com/about5482.html]
[www.whatsapp.com/about8cc8.html]
[www.whatsapp.com/about846f.html]
[www.whatsapp.com/aboutd048.html]
[www.whatsapp.com/about37ed.html]
[www.whatsapp.com/about9e43.html]
[www.whatsapp.com/about48fb.html]
[www.whatsapp.com/aboutda8b.html]
[www.whatsapp.com/about08ce.html]
[www.whatsapp.com/aboutf499.html]
[www.whatsapp.com/aboute966.html]
[www.whatsapp.com/about4b4f.html]
[www.whatsapp.com/about13e4.html]
[www.whatsapp.com/about9fc0.html]
[www.whatsapp.com/about9f83.html]
[www.whatsapp.com/aboutff9d.html]
[www.whatsapp.com/aboutcc92.html]
[www.whatsapp.com/about6844.html]
[www.whatsapp.com/about69b2.html]
[www.whatsapp.com/about1379.html]
[www.whatsapp.com/about95fc.html]
[www.whatsapp.com/about4ff3.html]
[www.whatsapp.com/about7b44.html]
[www.whatsapp.com/about1d0c]
[www.whatsapp.com/about.html]
[www.whatsapp.com/join.html]
[www.whatsapp.com/android.html]
[www.whatsapp.com/contact.html]
[www.whatsapp.com/security/advisories.html]
[www.whatsapp.com/sitemap.html]
[www.whatsapp.com/sIXck9.html]
[www.whatsapp.com/LYq.html]
[www.whatsapp.com/u_0_12_J.html]
[www.whatsapp.com/index179a.html]
[www.whatsapp.com/index9ed2.html]
[www.whatsapp.com/u_0_e_V.html]
[www.whatsapp.com/indexd2ed.html]
[www.whatsapp.com/index771f.html]
[www.whatsapp.com/u_0_r_e.html]
[www.whatsapp.com/index9cbf.html]
[www.whatsapp.com/u_0_1h_N.html]
[www.whatsapp.com/index9d7d.html]
[www.whatsapp.com/u_0_16_U.html]
[www.whatsapp.com/index13fe.html]
[www.whatsapp.com/index6f22.html]
[www.whatsapp.com/u_0_f_n.html]
[www.whatsapp.com/indexb4ba.html]
[www.whatsapp.com/u_0_5_V.html]
[www.whatsapp.com/indexc3a9.html]
[www.whatsapp.com/indexdd30.html]
[www.whatsapp.com/u_0_h_E.html]
[www.whatsapp.com/u_0_1e_7.html]
[www.whatsapp.com/index0389.html]
[www.whatsapp.com/u_0_1j_G.html]
[www.whatsapp.com/indexc12a.html]
[www.whatsapp.com/u_0_18_t.html]
[www.whatsapp.com/index7aef.html]
[www.whatsapp.com/u_0_p_q.html]
[www.whatsapp.com/index4fcd.html]
[www.whatsapp.com/u_0_j_A.html]
[www.whatsapp.com/indexf3df.html]
[www.whatsapp.com/u_0_z_Z.html]
[www.whatsapp.com/indexc992.html]
[www.whatsapp.com/u_0_8_K.html]
[www.whatsapp.com/u_0_p_k.html]
[www.whatsapp.com/index066b.html]
[www.whatsapp.com/u_0_c_z.html]
[www.whatsapp.com/u_0_10_t.html]
[www.whatsapp.com/indexc21a.html]
[www.whatsapp.com/u_0_14_s.html]
[www.whatsapp.com/index1e10.html]
[www.whatsapp.com/indexbff2.html]
[www.whatsapp.com/indexf26e.html]
[www.whatsapp.com/index7cc5.html]
[www.whatsapp.com/u_0_l_h.html]
[www.whatsapp.com/index4a8f.html]
[www.whatsapp.com/u_0_a_c.html]
[www.whatsapp.com/u_0_11_3.html]
[www.whatsapp.com/indexd9bf.html]
[www.whatsapp.com/indexab69.html]
[www.whatsapp.com/index299f.html]
[www.whatsapp.com/u_0_b_w.html]
[www.whatsapp.com/index3351.html]
[www.whatsapp.com/u_0_q_D.html]
[www.whatsapp.com/u_0_10_D.html]
[www.whatsapp.com/u_0_1r_h.html]
[www.whatsapp.com/indexd946.html]
[www.whatsapp.com/u_0_w_n.html]
[www.whatsapp.com/u_0_1f_+.html]
[www.whatsapp.com/indexb70e.html]
[www.whatsapp.com/indexa3c1.html]
[www.whatsapp.com/u_0_1p_Z.html]
[www.whatsapp.com/indexf6a2.html]
[www.whatsapp.com/u_0_7_Q.html]
[www.whatsapp.com/u_0_15_h.html]
[www.whatsapp.com/index23a2.html]
[www.whatsapp.com/u_0_8_k-2.html]
[www.whatsapp.com/u_0_x_2.html]
[www.whatsapp.com/u_0_12_Z.html]
[www.whatsapp.com/indexc0c8.html]
[www.whatsapp.com/indexe846.html]
[www.whatsapp.com/u_0_n_i.html]
[www.whatsapp.com/u_0_s_D.html]
[www.whatsapp.com/index0cbc.html]
[www.whatsapp.com/u_0_c_O.html]
[www.whatsapp.com/u_0_1m_D.html]
[www.whatsapp.com/index56fd.html]
[www.whatsapp.com/u_0_1p_F.html]
[www.whatsapp.com/indexa5d6.html]
[www.whatsapp.com/u_0_1n_W.html]
[www.whatsapp.com/indexacf2.html]
[www.whatsapp.com/index7ce8.html]
[www.whatsapp.com/u_0_e_J.html]
[www.whatsapp.com/u_0_s_r.html]
[www.whatsapp.com/index2906.html]
[www.whatsapp.com/u_0_1g_y.html]
[www.whatsapp.com/index1858.html]
[www.whatsapp.com/indexeca5.html]
[www.whatsapp.com/u_0_1e_z.html]
[www.whatsapp.com/index8ba5.html]
[www.whatsapp.com/u_0_m_u.html]
[www.whatsapp.com/indexb3ac.html]
[www.whatsapp.com/u_0_c_j.html]
[www.whatsapp.com/u_0_1h_p.html]
[www.whatsapp.com/indexa609.html]
[www.whatsapp.com/indexf051.html]
[www.whatsapp.com/u_0_1g_U.html]
[www.whatsapp.com/u_0_1m_q.html]
[www.whatsapp.com/index0a3f.html]
[www.whatsapp.com/__elem_bb0debb2_0_1_w.html]
[www.whatsapp.com/index492e.html]
[www.whatsapp.com/u_0_1s_l.html]
[www.whatsapp.com/index1d39.html]
[www.whatsapp.com/u_0_1r_A.html]
[www.whatsapp.com/index2391.html]
[www.whatsapp.com/index1f64.html]
[www.whatsapp.com/u_0_1k_u.html]
[www.whatsapp.com/index1fcf.html]
[www.whatsapp.com/u_0_r_i.html]
[www.whatsapp.com/__elem_bb0debb2_0_1_z.html]
[www.whatsapp.com/index0a80.html]
[www.whatsapp.com/index824a.html]
[www.whatsapp.com/indexb03e.html]
[www.whatsapp.com/index6303.html]
[www.whatsapp.com/indexc8d5.html]
[www.whatsapp.com/u_0_f_H.html]
[www.whatsapp.com/index2e96.html]
[www.whatsapp.com/index60a8.html]
[www.whatsapp.com/u_0_s_U.html]
[www.whatsapp.com/u_0_11_g.html]
[www.whatsapp.com/u_0_16_e.html]
[www.whatsapp.com/privacy4964.html]
[www.whatsapp.com/privacy68a3.html]
[www.whatsapp.com/privacy6155.html]
[www.whatsapp.com/privacy59bf.html]
[www.whatsapp.com/privacy99fb.html]
[www.whatsapp.com/privacydcd8.html]
[www.whatsapp.com/privacyce78.html]
[www.whatsapp.com/privacy80c2.html]
[www.whatsapp.com/privacydad8.html]
[www.whatsapp.com/privacyc395.html]
[www.whatsapp.com/privacy0d12.html]
[www.whatsapp.com/privacydf70.html]
[www.whatsapp.com/privacyb260.html]
[www.whatsapp.com/privacy1b07.html]
[www.whatsapp.com/privacy2ddb.html]
[www.whatsapp.com/privacy7168.html]
[www.whatsapp.com/privacy28e9.html]
[www.whatsapp.com/privacye23a.html]
[www.whatsapp.com/privacyd451.html]
[www.whatsapp.com/privacy35f4.html]
[www.whatsapp.com/privacy09f9.html]
[www.whatsapp.com/privacyccd1.html]
[www.whatsapp.com/privacy0fa0.html]
[www.whatsapp.com/privacy5482.html]
[www.whatsapp.com/privacy8cc8.html]
[www.whatsapp.com/privacy846f.html]
[www.whatsapp.com/privacyd048.html]
[www.whatsapp.com/privacy37ed.html]
[www.whatsapp.com/privacy9e43.html]
[www.whatsapp.com/privacy48fb.html]
[www.whatsapp.com/privacyda8b.html]
[www.whatsapp.com/privacy08ce.html]
[www.whatsapp.com/privacyf499.html]
[www.whatsapp.com/privacye966.html]
[www.whatsapp.com/privacy4b4f.html]
[www.whatsapp.com/privacy13e4.html]
[www.whatsapp.com/privacy9fc0.html]
[www.whatsapp.com/privacy9f83.html]
[www.whatsapp.com/privacyff9d.html]
[www.whatsapp.com/privacycc92.html]
[www.whatsapp.com/privacy6844.html]
[www.whatsapp.com/privacy69b2.html]
[www.whatsapp.com/privacy1379.html]
[www.whatsapp.com/privacy95fc.html]
[www.whatsapp.com/privacy4ff3.html]
[www.whatsapp.com/privacy7b44.html]
[www.whatsapp.com/privacy1d0c.html]
[www.whatsapp.com/privacy610e.html]
[www.whatsapp.com/privacy6901.html]
[www.whatsapp.com/privacy3041.html]
[www.whatsapp.com/privacydf87.html]
[www.whatsapp.com/privacy7a87.html]
[www.whatsapp.com/privacy1d2d.html]
[www.whatsapp.com/privacyfd7c.html]
[www.whatsapp.com/privacy5e9d.html]
[www.whatsapp.com/privacy35ae.html]
[www.whatsapp.com/privacyb540.html]
[www.whatsapp.com/privacy17d5.html]
[www.whatsapp.com/privacy8876.html]
[www.whatsapp.com/privacy4481.html]
[www.whatsapp.com/privacy8526.html]
[www.whatsapp.com/privacyfb3d.html]
[www.whatsapp.com/privacy9bb4.html]
[www.whatsapp.com/privacy99dc.html]
[www.whatsapp.com/privacya35d.html]
[www.whatsapp.com/privacy7b3f.html]
[www.whatsapp.com/privacyc423.html]
[www.whatsapp.com/privacy3322.html]
[www.whatsapp.com/privacy91b9.html]
[www.whatsapp.com/privacyc69a.html]
[www.whatsapp.com/privacye68f.html]
[www.whatsapp.com/privacy5242.html]
[www.whatsapp.com/privacy1ebe.html]
[www.whatsapp.com/privacycf53.html]
[www.whatsapp.com/privacyc249.html]
[www.whatsapp.com/privacy1ff0.html]
[www.whatsapp.com/privacybd5a.html]
[www.whatsapp.com/privacya30c.html]
[www.whatsapp.com/privacycdb1.html]
[www.whatsapp.com/privacy2bc7.html]
[www.whatsapp.com/privacy1268.html]
[www.whatsapp.com/privacy9ff7.html]
[www.whatsapp.com/privacy6bf8.html]
[www.whatsapp.com/privacy085d.html]
[www.whatsapp.com/privacy23f1.html]
[www.whatsapp.com/privacy0b5e.html]
[www.whatsapp.com/privacy69cd.html]
[www.whatsapp.com/privacy08c7.html]
[www.whatsapp.com/privacy7c4b.html]
[www.whatsapp.com/privacy5720.html]
[www.whatsapp.com/privacy9e93.html]
[www.whatsapp.com/privacye034.html]
[www.whatsapp.com/privacy2296.html]
[www.whatsapp.com/privacy4bed.html]
[www.whatsapp.com/privacy1f03.html]
[www.whatsapp.com/privacyf59f.html]
[www.whatsapp.com/privacya908.html]
[www.whatsapp.com/privacy2139.html]
[www.whatsapp.com/privacy6e27.html]
[www.whatsapp.com/privacy9277.html]
[www.whatsapp.com/privacy64f4.html]
[www.whatsapp.com/privacyd6cc.html]
[www.whatsapp.com/privacye6ac.html]
[www.whatsapp.com/privacyadd9.html]
[www.whatsapp.com/privacybbc9.html]
[www.whatsapp.com/privacyef8e.html]
[www.whatsapp.com/privacy7d5b.html]
[www.whatsapp.com/privacy21c9.html]
[www.whatsapp.com/privacyc203.html]
